# serializer version: 1
# name: test_weather_data
  Weather(location='Amsterdam', temperature=9.1, wind_chill=4.8, summary='Regen', humidity=83, wind_d='ZW', wind_ms=11.0, wind_f=6, wind_kn=21.4, wind_kmh=39.6, air_pressure=996.0, air_pressure_mmhg=747, dew_point=6.0, visibility=5, forecast='Aan de kust zware windstoten. Perioden met regen', sun_up=datetime.time(8, 36), sun_down=datetime.time(16, 30), icon='regen', d0_weather='bewolkt', d0_temp_max=11, d0_temp_min=6, d0_wind_f=4, d0_wind_kn=14, d0_wind_ms=7, d0_wind_kmh=26, d0_wind_d='ZW', d0_wind_ddg=225, d0_rainfall=17, d0_sun=11, d1_weather='halfbewolkt_regen', d1_temp_max=10, d1_temp_min=8, d1_wind_f=3, d1_wind_kn=10, d1_wind_ms=5, d1_wind_kmh=19, d1_wind_d='W', d1_wind_ddg=270, d1_rainfall=70, d1_sun=30, d2_weather='regen', d2_temp_max=11, d2_temp_min=8, d2_wind_f=3, d2_wind_kn=10, d2_wind_ms=5, d2_wind_kmh=19, d2_wind_d='W', d2_wind_ddg=270, d2_rainfall=80, d2_sun=10)
# ---
# name: test_weather_data.1
  '{"plaats":"Amsterdam","temp":9.1,"gtemp":4.8,"samenv":"Regen","lv":83,"windr":"ZW","windms":11.0,"winds":6,"windk":21.4,"windkmh":39.6,"luchtd":996.0,"ldmmhg":747,"dauwp":6.0,"zicht":5,"verw":"Aan de kust zware windstoten. Perioden met regen","sup":"08:36","sunder":"16:30","image":"regen","d0weer":"bewolkt","d0tmax":11,"d0tmin":6,"d0windk":4,"d0windknp":14,"d0windms":7,"d0windkmh":26,"d0windr":"ZW","d0windrgr":225,"d0neerslag":17,"d0zon":11,"d1weer":"halfbewolkt_regen","d1tmax":10,"d1tmin":8,"d1windk":3,"d1windknp":10,"d1windms":5,"d1windkmh":19,"d1windr":"W","d1windrgr":270,"d1neerslag":70,"d1zon":30,"d2weer":"regen","d2tmax":11,"d2tmin":8,"d2windk":3,"d2windknp":10,"d2windms":5,"d2windkmh":19,"d2windr":"W","d2windrgr":270,"d2neerslag":80,"d2zon":10}'
# ---
